// Jest Snapshot v1, https://goo.gl/fbAQLP

exports[`render TableProvider 1`] = `
<div>
  
  <table>
    <thead>
      <tr>
        <th>
          #
        </th>
        <th>
          First
        </th>
        <th>
          Last
        </th>
        <th>
          Handle
        </th>
      </tr>
    </thead>
    <tbody>
      <tr
        className="1,Mark,Otto,@mdo-body-row"
        onClick={[Function]}
      >
        <td
          onClick={[Function]}
        >
          1
        </td>
        <td
          onClick={[Function]}
        >
          Mark
        </td>
        <td
          onClick={[Function]}
        >
          Otto
        </td>
        <td
          onClick={[Function]}
        >
          @mdo
        </td>
      </tr>
      <tr
        className="2,Jacob,Thornton,@fat-body-row"
        onClick={[Function]}
      >
        <td
          onClick={[Function]}
        >
          2
        </td>
        <td
          onClick={[Function]}
        >
          Jacob
        </td>
        <td
          onClick={[Function]}
        >
          Thornton
        </td>
        <td
          onClick={[Function]}
        >
          @fat
        </td>
      </tr>
      <tr
        className="3,Larry,the Bird,@twitter-body-row"
        onClick={[Function]}
      >
        <td
          onClick={[Function]}
        >
          3
        </td>
        <td
          onClick={[Function]}
        >
          Larry
        </td>
        <td
          onClick={[Function]}
        >
          the Bird
        </td>
        <td
          onClick={[Function]}
        >
          @twitter
        </td>
      </tr>
    </tbody>
  </table>
</div>
`;
