// Jest Snapshot v1, https://goo.gl/fbAQLP

exports[`TableProvider | exportToCSV 1`] = `
<div>
  <button
    className="button"
    onClick={[Function]}
    value="Export CSV test"
  >
    Export CSV test
  </button>
  <input
    className="table-search"
    onChange={[Function]}
    placeholder="Search table test"
    type="text"
    value=""
  />
  <table
    className="table"
  >
    <thead>
      <tr
        className="trHead"
      >
        <td
          className="th"
        >
          #
          <span
            onClick={[Function]}
            onKeyDown={[Function]}
            role="button"
            style={
              Object {
                "color": "grey",
                "cursor": "pointer",
                "fontSize": "0.5rem",
                "margin": "1rem",
              }
            }
            tabIndex="0"
          >
            <span>
              <svg
                attr={
                  Object {
                    "viewBox": "0 0 320 512",
                  }
                }
                fill="currentColor"
                height={15}
                size={15}
                stroke="currentColor"
                strokeWidth="0"
                style={
                  Object {
                    "color": undefined,
                  }
                }
                viewBox="0 0 320 512"
                width={15}
              >
                <path
                  d="M288.662 352H31.338c-17.818 0-26.741-21.543-14.142-34.142l128.662-128.662c7.81-7.81 20.474-7.81 28.284 0l128.662 128.662c12.6 12.599 3.676 34.142-14.142 34.142z"
                />
              </svg>
              <svg
                attr={
                  Object {
                    "viewBox": "0 0 320 512",
                  }
                }
                fill="currentColor"
                height={15}
                size={15}
                stroke="currentColor"
                strokeWidth="0"
                style={
                  Object {
                    "color": undefined,
                  }
                }
                viewBox="0 0 320 512"
                width={15}
              >
                <path
                  d="M31.3 192h257.3c17.8 0 26.7 21.5 14.1 34.1L174.1 354.8c-7.8 7.8-20.5 7.8-28.3 0L17.2 226.1C4.6 213.5 13.5 192 31.3 192z"
                />
              </svg>
            </span>
          </span>
          <input
            className="col-search"
            onChange={[Function]}
            placeholder="Search column test"
            type="text"
            value=""
          />
        </td>
        <td
          className="th"
        >
          First
          <span
            onClick={[Function]}
            onKeyDown={[Function]}
            role="button"
            style={
              Object {
                "color": "grey",
                "cursor": "pointer",
                "fontSize": "0.5rem",
                "margin": "1rem",
              }
            }
            tabIndex="0"
          >
            <span>
              <svg
                attr={
                  Object {
                    "viewBox": "0 0 320 512",
                  }
                }
                fill="currentColor"
                height={15}
                size={15}
                stroke="currentColor"
                strokeWidth="0"
                style={
                  Object {
                    "color": undefined,
                  }
                }
                viewBox="0 0 320 512"
                width={15}
              >
                <path
                  d="M288.662 352H31.338c-17.818 0-26.741-21.543-14.142-34.142l128.662-128.662c7.81-7.81 20.474-7.81 28.284 0l128.662 128.662c12.6 12.599 3.676 34.142-14.142 34.142z"
                />
              </svg>
              <svg
                attr={
                  Object {
                    "viewBox": "0 0 320 512",
                  }
                }
                fill="currentColor"
                height={15}
                size={15}
                stroke="currentColor"
                strokeWidth="0"
                style={
                  Object {
                    "color": undefined,
                  }
                }
                viewBox="0 0 320 512"
                width={15}
              >
                <path
                  d="M31.3 192h257.3c17.8 0 26.7 21.5 14.1 34.1L174.1 354.8c-7.8 7.8-20.5 7.8-28.3 0L17.2 226.1C4.6 213.5 13.5 192 31.3 192z"
                />
              </svg>
            </span>
          </span>
          <input
            className="col-search"
            onChange={[Function]}
            placeholder="Search column test"
            type="text"
            value=""
          />
        </td>
        <td
          className="th"
        >
          Last
          <span
            onClick={[Function]}
            onKeyDown={[Function]}
            role="button"
            style={
              Object {
                "color": "grey",
                "cursor": "pointer",
                "fontSize": "0.5rem",
                "margin": "1rem",
              }
            }
            tabIndex="0"
          >
            <span>
              <svg
                attr={
                  Object {
                    "viewBox": "0 0 320 512",
                  }
                }
                fill="currentColor"
                height={15}
                size={15}
                stroke="currentColor"
                strokeWidth="0"
                style={
                  Object {
                    "color": undefined,
                  }
                }
                viewBox="0 0 320 512"
                width={15}
              >
                <path
                  d="M288.662 352H31.338c-17.818 0-26.741-21.543-14.142-34.142l128.662-128.662c7.81-7.81 20.474-7.81 28.284 0l128.662 128.662c12.6 12.599 3.676 34.142-14.142 34.142z"
                />
              </svg>
              <svg
                attr={
                  Object {
                    "viewBox": "0 0 320 512",
                  }
                }
                fill="currentColor"
                height={15}
                size={15}
                stroke="currentColor"
                strokeWidth="0"
                style={
                  Object {
                    "color": undefined,
                  }
                }
                viewBox="0 0 320 512"
                width={15}
              >
                <path
                  d="M31.3 192h257.3c17.8 0 26.7 21.5 14.1 34.1L174.1 354.8c-7.8 7.8-20.5 7.8-28.3 0L17.2 226.1C4.6 213.5 13.5 192 31.3 192z"
                />
              </svg>
            </span>
          </span>
          <input
            className="col-search"
            onChange={[Function]}
            placeholder="Search column test"
            type="text"
            value=""
          />
        </td>
        <td
          className="th"
        >
          Handle
          <input
            className="col-search"
            onChange={[Function]}
            placeholder="Search column test"
            type="text"
            value=""
          />
        </td>
      </tr>
    </thead>
    <tbody>
      <tr
        className="1,Mark,Otto,@mdo-body-row"
        onClick={[Function]}
      >
        <td
          className="td"
          onClick={[Function]}
        >
          1
        </td>
        <td
          className="td"
          onClick={[Function]}
        >
          Mark
        </td>
        <td
          className="td"
          onClick={[Function]}
        >
          Otto
        </td>
        <td
          className="td"
          onClick={[Function]}
        >
          @mdo
        </td>
      </tr>
      <tr
        className="2,Jacob,Thornton,@fat-body-row"
        onClick={[Function]}
      >
        <td
          className="td"
          onClick={[Function]}
        >
          2
        </td>
        <td
          className="td"
          onClick={[Function]}
        >
          Jacob
        </td>
        <td
          className="td"
          onClick={[Function]}
        >
          Thornton
        </td>
        <td
          className="td"
          onClick={[Function]}
        >
          @fat
        </td>
      </tr>
      <tr
        className="3,Larry,the Bird,@twitter-body-row"
        onClick={[Function]}
      >
        <td
          className="td"
          onClick={[Function]}
        >
          3
        </td>
        <td
          className="td"
          onClick={[Function]}
        >
          Larry
        </td>
        <td
          className="td"
          onClick={[Function]}
        >
          the Bird
        </td>
        <td
          className="td"
          onClick={[Function]}
        >
          @twitter
        </td>
      </tr>
    </tbody>
  </table>
</div>
`;

exports[`TableProvider | handleOnClickCell 1`] = `
<div>
  <button
    className="button"
    onClick={[Function]}
    value="Export CSV test"
  >
    Export CSV test
  </button>
  <input
    className="table-search"
    onChange={[Function]}
    placeholder="Search table test"
    type="text"
    value=""
  />
  <table
    className="table"
  >
    <thead>
      <tr
        className="trHead"
      >
        <td
          className="th"
        >
          #
          <span
            onClick={[Function]}
            onKeyDown={[Function]}
            role="button"
            style={
              Object {
                "color": "grey",
                "cursor": "pointer",
                "fontSize": "0.5rem",
                "margin": "1rem",
              }
            }
            tabIndex="0"
          >
            <span>
              <svg
                attr={
                  Object {
                    "viewBox": "0 0 320 512",
                  }
                }
                fill="currentColor"
                height={15}
                size={15}
                stroke="currentColor"
                strokeWidth="0"
                style={
                  Object {
                    "color": undefined,
                  }
                }
                viewBox="0 0 320 512"
                width={15}
              >
                <path
                  d="M288.662 352H31.338c-17.818 0-26.741-21.543-14.142-34.142l128.662-128.662c7.81-7.81 20.474-7.81 28.284 0l128.662 128.662c12.6 12.599 3.676 34.142-14.142 34.142z"
                />
              </svg>
              <svg
                attr={
                  Object {
                    "viewBox": "0 0 320 512",
                  }
                }
                fill="currentColor"
                height={15}
                size={15}
                stroke="currentColor"
                strokeWidth="0"
                style={
                  Object {
                    "color": undefined,
                  }
                }
                viewBox="0 0 320 512"
                width={15}
              >
                <path
                  d="M31.3 192h257.3c17.8 0 26.7 21.5 14.1 34.1L174.1 354.8c-7.8 7.8-20.5 7.8-28.3 0L17.2 226.1C4.6 213.5 13.5 192 31.3 192z"
                />
              </svg>
            </span>
          </span>
          <input
            className="col-search"
            onChange={[Function]}
            placeholder="Search column test"
            type="text"
            value=""
          />
        </td>
        <td
          className="th"
        >
          First
          <span
            onClick={[Function]}
            onKeyDown={[Function]}
            role="button"
            style={
              Object {
                "color": "grey",
                "cursor": "pointer",
                "fontSize": "0.5rem",
                "margin": "1rem",
              }
            }
            tabIndex="0"
          >
            <span>
              <svg
                attr={
                  Object {
                    "viewBox": "0 0 320 512",
                  }
                }
                fill="currentColor"
                height={15}
                size={15}
                stroke="currentColor"
                strokeWidth="0"
                style={
                  Object {
                    "color": undefined,
                  }
                }
                viewBox="0 0 320 512"
                width={15}
              >
                <path
                  d="M288.662 352H31.338c-17.818 0-26.741-21.543-14.142-34.142l128.662-128.662c7.81-7.81 20.474-7.81 28.284 0l128.662 128.662c12.6 12.599 3.676 34.142-14.142 34.142z"
                />
              </svg>
              <svg
                attr={
                  Object {
                    "viewBox": "0 0 320 512",
                  }
                }
                fill="currentColor"
                height={15}
                size={15}
                stroke="currentColor"
                strokeWidth="0"
                style={
                  Object {
                    "color": undefined,
                  }
                }
                viewBox="0 0 320 512"
                width={15}
              >
                <path
                  d="M31.3 192h257.3c17.8 0 26.7 21.5 14.1 34.1L174.1 354.8c-7.8 7.8-20.5 7.8-28.3 0L17.2 226.1C4.6 213.5 13.5 192 31.3 192z"
                />
              </svg>
            </span>
          </span>
          <input
            className="col-search"
            onChange={[Function]}
            placeholder="Search column test"
            type="text"
            value=""
          />
        </td>
        <td
          className="th"
        >
          Last
          <span
            onClick={[Function]}
            onKeyDown={[Function]}
            role="button"
            style={
              Object {
                "color": "grey",
                "cursor": "pointer",
                "fontSize": "0.5rem",
                "margin": "1rem",
              }
            }
            tabIndex="0"
          >
            <span>
              <svg
                attr={
                  Object {
                    "viewBox": "0 0 320 512",
                  }
                }
                fill="currentColor"
                height={15}
                size={15}
                stroke="currentColor"
                strokeWidth="0"
                style={
                  Object {
                    "color": undefined,
                  }
                }
                viewBox="0 0 320 512"
                width={15}
              >
                <path
                  d="M288.662 352H31.338c-17.818 0-26.741-21.543-14.142-34.142l128.662-128.662c7.81-7.81 20.474-7.81 28.284 0l128.662 128.662c12.6 12.599 3.676 34.142-14.142 34.142z"
                />
              </svg>
              <svg
                attr={
                  Object {
                    "viewBox": "0 0 320 512",
                  }
                }
                fill="currentColor"
                height={15}
                size={15}
                stroke="currentColor"
                strokeWidth="0"
                style={
                  Object {
                    "color": undefined,
                  }
                }
                viewBox="0 0 320 512"
                width={15}
              >
                <path
                  d="M31.3 192h257.3c17.8 0 26.7 21.5 14.1 34.1L174.1 354.8c-7.8 7.8-20.5 7.8-28.3 0L17.2 226.1C4.6 213.5 13.5 192 31.3 192z"
                />
              </svg>
            </span>
          </span>
          <input
            className="col-search"
            onChange={[Function]}
            placeholder="Search column test"
            type="text"
            value=""
          />
        </td>
        <td
          className="th"
        >
          Handle
          <input
            className="col-search"
            onChange={[Function]}
            placeholder="Search column test"
            type="text"
            value=""
          />
        </td>
      </tr>
    </thead>
    <tbody>
      <tr
        className="1,Mark,Otto,@mdo-body-row"
        onClick={[Function]}
      >
        <td
          className="td"
          onClick={[Function]}
        >
          1
        </td>
        <td
          className="td"
          onClick={[Function]}
        >
          Mark
        </td>
        <td
          className="td"
          onClick={[Function]}
        >
          Otto
        </td>
        <td
          className="td"
          onClick={[Function]}
        >
          @mdo
        </td>
      </tr>
      <tr
        className="2,Jacob,Thornton,@fat-body-row"
        onClick={[Function]}
      >
        <td
          className="td"
          onClick={[Function]}
        >
          2
        </td>
        <td
          className="td"
          onClick={[Function]}
        >
          Jacob
        </td>
        <td
          className="td"
          onClick={[Function]}
        >
          Thornton
        </td>
        <td
          className="td"
          onClick={[Function]}
        >
          @fat
        </td>
      </tr>
      <tr
        className="3,Larry,the Bird,@twitter-body-row"
        onClick={[Function]}
      >
        <td
          className="td"
          onClick={[Function]}
        >
          3
        </td>
        <td
          className="td"
          onClick={[Function]}
        >
          Larry
        </td>
        <td
          className="td"
          onClick={[Function]}
        >
          the Bird
        </td>
        <td
          className="td"
          onClick={[Function]}
        >
          @twitter
        </td>
      </tr>
    </tbody>
  </table>
</div>
`;

exports[`TableProvider | handleOnClickRow 1`] = `
<div>
  <button
    className="button"
    onClick={[Function]}
    value="Export CSV test"
  >
    Export CSV test
  </button>
  <input
    className="table-search"
    onChange={[Function]}
    placeholder="Search table test"
    type="text"
    value=""
  />
  <table
    className="table"
  >
    <thead>
      <tr
        className="trHead"
      >
        <td
          className="th"
        >
          #
          <span
            onClick={[Function]}
            onKeyDown={[Function]}
            role="button"
            style={
              Object {
                "color": "grey",
                "cursor": "pointer",
                "fontSize": "0.5rem",
                "margin": "1rem",
              }
            }
            tabIndex="0"
          >
            <span>
              <svg
                attr={
                  Object {
                    "viewBox": "0 0 320 512",
                  }
                }
                fill="currentColor"
                height={15}
                size={15}
                stroke="currentColor"
                strokeWidth="0"
                style={
                  Object {
                    "color": undefined,
                  }
                }
                viewBox="0 0 320 512"
                width={15}
              >
                <path
                  d="M288.662 352H31.338c-17.818 0-26.741-21.543-14.142-34.142l128.662-128.662c7.81-7.81 20.474-7.81 28.284 0l128.662 128.662c12.6 12.599 3.676 34.142-14.142 34.142z"
                />
              </svg>
              <svg
                attr={
                  Object {
                    "viewBox": "0 0 320 512",
                  }
                }
                fill="currentColor"
                height={15}
                size={15}
                stroke="currentColor"
                strokeWidth="0"
                style={
                  Object {
                    "color": undefined,
                  }
                }
                viewBox="0 0 320 512"
                width={15}
              >
                <path
                  d="M31.3 192h257.3c17.8 0 26.7 21.5 14.1 34.1L174.1 354.8c-7.8 7.8-20.5 7.8-28.3 0L17.2 226.1C4.6 213.5 13.5 192 31.3 192z"
                />
              </svg>
            </span>
          </span>
          <input
            className="col-search"
            onChange={[Function]}
            placeholder="Search column test"
            type="text"
            value=""
          />
        </td>
        <td
          className="th"
        >
          First
          <span
            onClick={[Function]}
            onKeyDown={[Function]}
            role="button"
            style={
              Object {
                "color": "grey",
                "cursor": "pointer",
                "fontSize": "0.5rem",
                "margin": "1rem",
              }
            }
            tabIndex="0"
          >
            <span>
              <svg
                attr={
                  Object {
                    "viewBox": "0 0 320 512",
                  }
                }
                fill="currentColor"
                height={15}
                size={15}
                stroke="currentColor"
                strokeWidth="0"
                style={
                  Object {
                    "color": undefined,
                  }
                }
                viewBox="0 0 320 512"
                width={15}
              >
                <path
                  d="M288.662 352H31.338c-17.818 0-26.741-21.543-14.142-34.142l128.662-128.662c7.81-7.81 20.474-7.81 28.284 0l128.662 128.662c12.6 12.599 3.676 34.142-14.142 34.142z"
                />
              </svg>
              <svg
                attr={
                  Object {
                    "viewBox": "0 0 320 512",
                  }
                }
                fill="currentColor"
                height={15}
                size={15}
                stroke="currentColor"
                strokeWidth="0"
                style={
                  Object {
                    "color": undefined,
                  }
                }
                viewBox="0 0 320 512"
                width={15}
              >
                <path
                  d="M31.3 192h257.3c17.8 0 26.7 21.5 14.1 34.1L174.1 354.8c-7.8 7.8-20.5 7.8-28.3 0L17.2 226.1C4.6 213.5 13.5 192 31.3 192z"
                />
              </svg>
            </span>
          </span>
          <input
            className="col-search"
            onChange={[Function]}
            placeholder="Search column test"
            type="text"
            value=""
          />
        </td>
        <td
          className="th"
        >
          Last
          <span
            onClick={[Function]}
            onKeyDown={[Function]}
            role="button"
            style={
              Object {
                "color": "grey",
                "cursor": "pointer",
                "fontSize": "0.5rem",
                "margin": "1rem",
              }
            }
            tabIndex="0"
          >
            <span>
              <svg
                attr={
                  Object {
                    "viewBox": "0 0 320 512",
                  }
                }
                fill="currentColor"
                height={15}
                size={15}
                stroke="currentColor"
                strokeWidth="0"
                style={
                  Object {
                    "color": undefined,
                  }
                }
                viewBox="0 0 320 512"
                width={15}
              >
                <path
                  d="M288.662 352H31.338c-17.818 0-26.741-21.543-14.142-34.142l128.662-128.662c7.81-7.81 20.474-7.81 28.284 0l128.662 128.662c12.6 12.599 3.676 34.142-14.142 34.142z"
                />
              </svg>
              <svg
                attr={
                  Object {
                    "viewBox": "0 0 320 512",
                  }
                }
                fill="currentColor"
                height={15}
                size={15}
                stroke="currentColor"
                strokeWidth="0"
                style={
                  Object {
                    "color": undefined,
                  }
                }
                viewBox="0 0 320 512"
                width={15}
              >
                <path
                  d="M31.3 192h257.3c17.8 0 26.7 21.5 14.1 34.1L174.1 354.8c-7.8 7.8-20.5 7.8-28.3 0L17.2 226.1C4.6 213.5 13.5 192 31.3 192z"
                />
              </svg>
            </span>
          </span>
          <input
            className="col-search"
            onChange={[Function]}
            placeholder="Search column test"
            type="text"
            value=""
          />
        </td>
        <td
          className="th"
        >
          Handle
          <input
            className="col-search"
            onChange={[Function]}
            placeholder="Search column test"
            type="text"
            value=""
          />
        </td>
      </tr>
    </thead>
    <tbody>
      <tr
        className="1,Mark,Otto,@mdo-body-row"
        onClick={[Function]}
      >
        <td
          className="td"
          onClick={[Function]}
        >
          1
        </td>
        <td
          className="td"
          onClick={[Function]}
        >
          Mark
        </td>
        <td
          className="td"
          onClick={[Function]}
        >
          Otto
        </td>
        <td
          className="td"
          onClick={[Function]}
        >
          @mdo
        </td>
      </tr>
      <tr
        className="2,Jacob,Thornton,@fat-body-row"
        onClick={[Function]}
      >
        <td
          className="td"
          onClick={[Function]}
        >
          2
        </td>
        <td
          className="td"
          onClick={[Function]}
        >
          Jacob
        </td>
        <td
          className="td"
          onClick={[Function]}
        >
          Thornton
        </td>
        <td
          className="td"
          onClick={[Function]}
        >
          @fat
        </td>
      </tr>
      <tr
        className="3,Larry,the Bird,@twitter-body-row"
        onClick={[Function]}
      >
        <td
          className="td"
          onClick={[Function]}
        >
          3
        </td>
        <td
          className="td"
          onClick={[Function]}
        >
          Larry
        </td>
        <td
          className="td"
          onClick={[Function]}
        >
          the Bird
        </td>
        <td
          className="td"
          onClick={[Function]}
        >
          @twitter
        </td>
      </tr>
    </tbody>
  </table>
</div>
`;

exports[`TableProvider | no data found 1`] = `
<div>
  
  <table>
    <thead>
      <tr>
        <th>
          #
          <span
            onClick={[Function]}
            onKeyDown={[Function]}
            role="button"
            style={
              Object {
                "color": "grey",
                "cursor": "pointer",
                "fontSize": "0.5rem",
                "margin": "1rem",
              }
            }
            tabIndex="0"
          >
            <span>
              <svg
                attr={
                  Object {
                    "viewBox": "0 0 320 512",
                  }
                }
                fill="currentColor"
                height={15}
                size={15}
                stroke="currentColor"
                strokeWidth="0"
                style={
                  Object {
                    "color": undefined,
                  }
                }
                viewBox="0 0 320 512"
                width={15}
              >
                <path
                  d="M288.662 352H31.338c-17.818 0-26.741-21.543-14.142-34.142l128.662-128.662c7.81-7.81 20.474-7.81 28.284 0l128.662 128.662c12.6 12.599 3.676 34.142-14.142 34.142z"
                />
              </svg>
              <svg
                attr={
                  Object {
                    "viewBox": "0 0 320 512",
                  }
                }
                fill="currentColor"
                height={15}
                size={15}
                stroke="currentColor"
                strokeWidth="0"
                style={
                  Object {
                    "color": undefined,
                  }
                }
                viewBox="0 0 320 512"
                width={15}
              >
                <path
                  d="M31.3 192h257.3c17.8 0 26.7 21.5 14.1 34.1L174.1 354.8c-7.8 7.8-20.5 7.8-28.3 0L17.2 226.1C4.6 213.5 13.5 192 31.3 192z"
                />
              </svg>
            </span>
          </span>
          <input
            onChange={[Function]}
            placeholder="Search column"
            type="text"
            value=""
          />
        </th>
        <th>
          First
          <span
            onClick={[Function]}
            onKeyDown={[Function]}
            role="button"
            style={
              Object {
                "color": "grey",
                "cursor": "pointer",
                "fontSize": "0.5rem",
                "margin": "1rem",
              }
            }
            tabIndex="0"
          >
            <span>
              <svg
                attr={
                  Object {
                    "viewBox": "0 0 320 512",
                  }
                }
                fill="currentColor"
                height={15}
                size={15}
                stroke="currentColor"
                strokeWidth="0"
                style={
                  Object {
                    "color": undefined,
                  }
                }
                viewBox="0 0 320 512"
                width={15}
              >
                <path
                  d="M288.662 352H31.338c-17.818 0-26.741-21.543-14.142-34.142l128.662-128.662c7.81-7.81 20.474-7.81 28.284 0l128.662 128.662c12.6 12.599 3.676 34.142-14.142 34.142z"
                />
              </svg>
              <svg
                attr={
                  Object {
                    "viewBox": "0 0 320 512",
                  }
                }
                fill="currentColor"
                height={15}
                size={15}
                stroke="currentColor"
                strokeWidth="0"
                style={
                  Object {
                    "color": undefined,
                  }
                }
                viewBox="0 0 320 512"
                width={15}
              >
                <path
                  d="M31.3 192h257.3c17.8 0 26.7 21.5 14.1 34.1L174.1 354.8c-7.8 7.8-20.5 7.8-28.3 0L17.2 226.1C4.6 213.5 13.5 192 31.3 192z"
                />
              </svg>
            </span>
          </span>
          <input
            onChange={[Function]}
            placeholder="Search column"
            type="text"
            value=""
          />
        </th>
        <th>
          Last
          <span
            onClick={[Function]}
            onKeyDown={[Function]}
            role="button"
            style={
              Object {
                "color": "grey",
                "cursor": "pointer",
                "fontSize": "0.5rem",
                "margin": "1rem",
              }
            }
            tabIndex="0"
          >
            <span>
              <svg
                attr={
                  Object {
                    "viewBox": "0 0 320 512",
                  }
                }
                fill="currentColor"
                height={15}
                size={15}
                stroke="currentColor"
                strokeWidth="0"
                style={
                  Object {
                    "color": undefined,
                  }
                }
                viewBox="0 0 320 512"
                width={15}
              >
                <path
                  d="M288.662 352H31.338c-17.818 0-26.741-21.543-14.142-34.142l128.662-128.662c7.81-7.81 20.474-7.81 28.284 0l128.662 128.662c12.6 12.599 3.676 34.142-14.142 34.142z"
                />
              </svg>
              <svg
                attr={
                  Object {
                    "viewBox": "0 0 320 512",
                  }
                }
                fill="currentColor"
                height={15}
                size={15}
                stroke="currentColor"
                strokeWidth="0"
                style={
                  Object {
                    "color": undefined,
                  }
                }
                viewBox="0 0 320 512"
                width={15}
              >
                <path
                  d="M31.3 192h257.3c17.8 0 26.7 21.5 14.1 34.1L174.1 354.8c-7.8 7.8-20.5 7.8-28.3 0L17.2 226.1C4.6 213.5 13.5 192 31.3 192z"
                />
              </svg>
            </span>
          </span>
          <input
            onChange={[Function]}
            placeholder="Search column"
            type="text"
            value=""
          />
        </th>
        <th>
          Handle
          <input
            onChange={[Function]}
            placeholder="Search column"
            type="text"
            value=""
          />
        </th>
      </tr>
    </thead>
    <tbody>
      <tr
        className="1,Mark,Otto,@mdo-body-row"
        onClick={[Function]}
      >
        <td
          onClick={[Function]}
        >
          1
        </td>
        <td
          onClick={[Function]}
        >
          Mark
        </td>
        <td
          onClick={[Function]}
        >
          Otto
        </td>
        <td
          onClick={[Function]}
        >
          @mdo
        </td>
      </tr>
      <tr
        className="2,Jacob,Thornton,@fat-body-row"
        onClick={[Function]}
      >
        <td
          onClick={[Function]}
        >
          2
        </td>
        <td
          onClick={[Function]}
        >
          Jacob
        </td>
        <td
          onClick={[Function]}
        >
          Thornton
        </td>
        <td
          onClick={[Function]}
        >
          @fat
        </td>
      </tr>
      <tr
        className="3,Larry,the Bird-body-row"
        onClick={[Function]}
      >
        <td
          onClick={[Function]}
        >
          3
        </td>
        <td
          onClick={[Function]}
        >
          Larry
        </td>
        <td
          onClick={[Function]}
        >
          the Bird
        </td>
        <td
          onClick={[Function]}
        >
          No data found
        </td>
      </tr>
    </tbody>
  </table>
</div>
`;

exports[`TableProvider | no header 1`] = `
<div>
  
  <table>
    <thead>
      <tr>
        <th>
          number
        </th>
        <th>
          first
        </th>
        <th>
          last
        </th>
        <th>
          handle
        </th>
      </tr>
    </thead>
    <tbody>
      <tr
        className="1,Mark,Otto,@mdo-body-row"
        onClick={[Function]}
      >
        <td
          onClick={[Function]}
        >
          1
        </td>
        <td
          onClick={[Function]}
        >
          Mark
        </td>
        <td
          onClick={[Function]}
        >
          Otto
        </td>
        <td
          onClick={[Function]}
        >
          @mdo
        </td>
      </tr>
      <tr
        className="2,Jacob,Thornton,@fat-body-row"
        onClick={[Function]}
      >
        <td
          onClick={[Function]}
        >
          2
        </td>
        <td
          onClick={[Function]}
        >
          Jacob
        </td>
        <td
          onClick={[Function]}
        >
          Thornton
        </td>
        <td
          onClick={[Function]}
        >
          @fat
        </td>
      </tr>
      <tr
        className="3,Larry,the Bird,@twitter-body-row"
        onClick={[Function]}
      >
        <td
          onClick={[Function]}
        >
          3
        </td>
        <td
          onClick={[Function]}
        >
          Larry
        </td>
        <td
          onClick={[Function]}
        >
          the Bird
        </td>
        <td
          onClick={[Function]}
        >
          @twitter
        </td>
      </tr>
    </tbody>
  </table>
</div>
`;

exports[`TableProvider | searchOnColumn 1`] = `
<div>
  <button
    className="button"
    onClick={[Function]}
    value="Export CSV test"
  >
    Export CSV test
  </button>
  <input
    className="table-search"
    onChange={[Function]}
    placeholder="Search table test"
    type="text"
    value=""
  />
  <table
    className="table"
  >
    <thead>
      <tr
        className="trHead"
      >
        <td
          className="th"
        >
          #
          <span
            onClick={[Function]}
            onKeyDown={[Function]}
            role="button"
            style={
              Object {
                "color": "grey",
                "cursor": "pointer",
                "fontSize": "0.5rem",
                "margin": "1rem",
              }
            }
            tabIndex="0"
          >
            <span>
              <svg
                attr={
                  Object {
                    "viewBox": "0 0 320 512",
                  }
                }
                fill="currentColor"
                height={15}
                size={15}
                stroke="currentColor"
                strokeWidth="0"
                style={
                  Object {
                    "color": undefined,
                  }
                }
                viewBox="0 0 320 512"
                width={15}
              >
                <path
                  d="M288.662 352H31.338c-17.818 0-26.741-21.543-14.142-34.142l128.662-128.662c7.81-7.81 20.474-7.81 28.284 0l128.662 128.662c12.6 12.599 3.676 34.142-14.142 34.142z"
                />
              </svg>
              <svg
                attr={
                  Object {
                    "viewBox": "0 0 320 512",
                  }
                }
                fill="currentColor"
                height={15}
                size={15}
                stroke="currentColor"
                strokeWidth="0"
                style={
                  Object {
                    "color": undefined,
                  }
                }
                viewBox="0 0 320 512"
                width={15}
              >
                <path
                  d="M31.3 192h257.3c17.8 0 26.7 21.5 14.1 34.1L174.1 354.8c-7.8 7.8-20.5 7.8-28.3 0L17.2 226.1C4.6 213.5 13.5 192 31.3 192z"
                />
              </svg>
            </span>
          </span>
          <input
            className="col-search"
            onChange={[Function]}
            placeholder="Search column test"
            type="text"
            value=""
          />
        </td>
        <td
          className="th"
        >
          First
          <span
            onClick={[Function]}
            onKeyDown={[Function]}
            role="button"
            style={
              Object {
                "color": "grey",
                "cursor": "pointer",
                "fontSize": "0.5rem",
                "margin": "1rem",
              }
            }
            tabIndex="0"
          >
            <span>
              <svg
                attr={
                  Object {
                    "viewBox": "0 0 320 512",
                  }
                }
                fill="currentColor"
                height={15}
                size={15}
                stroke="currentColor"
                strokeWidth="0"
                style={
                  Object {
                    "color": undefined,
                  }
                }
                viewBox="0 0 320 512"
                width={15}
              >
                <path
                  d="M288.662 352H31.338c-17.818 0-26.741-21.543-14.142-34.142l128.662-128.662c7.81-7.81 20.474-7.81 28.284 0l128.662 128.662c12.6 12.599 3.676 34.142-14.142 34.142z"
                />
              </svg>
              <svg
                attr={
                  Object {
                    "viewBox": "0 0 320 512",
                  }
                }
                fill="currentColor"
                height={15}
                size={15}
                stroke="currentColor"
                strokeWidth="0"
                style={
                  Object {
                    "color": undefined,
                  }
                }
                viewBox="0 0 320 512"
                width={15}
              >
                <path
                  d="M31.3 192h257.3c17.8 0 26.7 21.5 14.1 34.1L174.1 354.8c-7.8 7.8-20.5 7.8-28.3 0L17.2 226.1C4.6 213.5 13.5 192 31.3 192z"
                />
              </svg>
            </span>
          </span>
          <input
            className="col-search"
            onChange={[Function]}
            placeholder="Search column test"
            type="text"
            value="mark"
          />
        </td>
        <td
          className="th"
        >
          Last
          <span
            onClick={[Function]}
            onKeyDown={[Function]}
            role="button"
            style={
              Object {
                "color": "grey",
                "cursor": "pointer",
                "fontSize": "0.5rem",
                "margin": "1rem",
              }
            }
            tabIndex="0"
          >
            <span>
              <svg
                attr={
                  Object {
                    "viewBox": "0 0 320 512",
                  }
                }
                fill="currentColor"
                height={15}
                size={15}
                stroke="currentColor"
                strokeWidth="0"
                style={
                  Object {
                    "color": undefined,
                  }
                }
                viewBox="0 0 320 512"
                width={15}
              >
                <path
                  d="M288.662 352H31.338c-17.818 0-26.741-21.543-14.142-34.142l128.662-128.662c7.81-7.81 20.474-7.81 28.284 0l128.662 128.662c12.6 12.599 3.676 34.142-14.142 34.142z"
                />
              </svg>
              <svg
                attr={
                  Object {
                    "viewBox": "0 0 320 512",
                  }
                }
                fill="currentColor"
                height={15}
                size={15}
                stroke="currentColor"
                strokeWidth="0"
                style={
                  Object {
                    "color": undefined,
                  }
                }
                viewBox="0 0 320 512"
                width={15}
              >
                <path
                  d="M31.3 192h257.3c17.8 0 26.7 21.5 14.1 34.1L174.1 354.8c-7.8 7.8-20.5 7.8-28.3 0L17.2 226.1C4.6 213.5 13.5 192 31.3 192z"
                />
              </svg>
            </span>
          </span>
          <input
            className="col-search"
            onChange={[Function]}
            placeholder="Search column test"
            type="text"
            value=""
          />
        </td>
        <td
          className="th"
        >
          Handle
          <input
            className="col-search"
            onChange={[Function]}
            placeholder="Search column test"
            type="text"
            value=""
          />
        </td>
      </tr>
    </thead>
    <tbody>
      <tr
        className="1,Mark,Otto,@mdo-body-row"
        onClick={[Function]}
      >
        <td
          className="td"
          onClick={[Function]}
        >
          1
        </td>
        <td
          className="td"
          onClick={[Function]}
        >
          Mark
        </td>
        <td
          className="td"
          onClick={[Function]}
        >
          Otto
        </td>
        <td
          className="td"
          onClick={[Function]}
        >
          @mdo
        </td>
      </tr>
    </tbody>
  </table>
</div>
`;

exports[`TableProvider | searchOnTable 1`] = `
<div>
  <button
    className="button"
    onClick={[Function]}
    value="Export CSV test"
  >
    Export CSV test
  </button>
  <input
    className="table-search"
    onChange={[Function]}
    placeholder="Search table test"
    type="text"
    value="mark"
  />
  <table
    className="table"
  >
    <thead>
      <tr
        className="trHead"
      >
        <td
          className="th"
        >
          #
          <span
            onClick={[Function]}
            onKeyDown={[Function]}
            role="button"
            style={
              Object {
                "color": "grey",
                "cursor": "pointer",
                "fontSize": "0.5rem",
                "margin": "1rem",
              }
            }
            tabIndex="0"
          >
            <span>
              <svg
                attr={
                  Object {
                    "viewBox": "0 0 320 512",
                  }
                }
                fill="currentColor"
                height={15}
                size={15}
                stroke="currentColor"
                strokeWidth="0"
                style={
                  Object {
                    "color": undefined,
                  }
                }
                viewBox="0 0 320 512"
                width={15}
              >
                <path
                  d="M288.662 352H31.338c-17.818 0-26.741-21.543-14.142-34.142l128.662-128.662c7.81-7.81 20.474-7.81 28.284 0l128.662 128.662c12.6 12.599 3.676 34.142-14.142 34.142z"
                />
              </svg>
              <svg
                attr={
                  Object {
                    "viewBox": "0 0 320 512",
                  }
                }
                fill="currentColor"
                height={15}
                size={15}
                stroke="currentColor"
                strokeWidth="0"
                style={
                  Object {
                    "color": undefined,
                  }
                }
                viewBox="0 0 320 512"
                width={15}
              >
                <path
                  d="M31.3 192h257.3c17.8 0 26.7 21.5 14.1 34.1L174.1 354.8c-7.8 7.8-20.5 7.8-28.3 0L17.2 226.1C4.6 213.5 13.5 192 31.3 192z"
                />
              </svg>
            </span>
          </span>
          <input
            className="col-search"
            onChange={[Function]}
            placeholder="Search column test"
            type="text"
            value=""
          />
        </td>
        <td
          className="th"
        >
          First
          <span
            onClick={[Function]}
            onKeyDown={[Function]}
            role="button"
            style={
              Object {
                "color": "grey",
                "cursor": "pointer",
                "fontSize": "0.5rem",
                "margin": "1rem",
              }
            }
            tabIndex="0"
          >
            <span>
              <svg
                attr={
                  Object {
                    "viewBox": "0 0 320 512",
                  }
                }
                fill="currentColor"
                height={15}
                size={15}
                stroke="currentColor"
                strokeWidth="0"
                style={
                  Object {
                    "color": undefined,
                  }
                }
                viewBox="0 0 320 512"
                width={15}
              >
                <path
                  d="M288.662 352H31.338c-17.818 0-26.741-21.543-14.142-34.142l128.662-128.662c7.81-7.81 20.474-7.81 28.284 0l128.662 128.662c12.6 12.599 3.676 34.142-14.142 34.142z"
                />
              </svg>
              <svg
                attr={
                  Object {
                    "viewBox": "0 0 320 512",
                  }
                }
                fill="currentColor"
                height={15}
                size={15}
                stroke="currentColor"
                strokeWidth="0"
                style={
                  Object {
                    "color": undefined,
                  }
                }
                viewBox="0 0 320 512"
                width={15}
              >
                <path
                  d="M31.3 192h257.3c17.8 0 26.7 21.5 14.1 34.1L174.1 354.8c-7.8 7.8-20.5 7.8-28.3 0L17.2 226.1C4.6 213.5 13.5 192 31.3 192z"
                />
              </svg>
            </span>
          </span>
          <input
            className="col-search"
            onChange={[Function]}
            placeholder="Search column test"
            type="text"
            value=""
          />
        </td>
        <td
          className="th"
        >
          Last
          <span
            onClick={[Function]}
            onKeyDown={[Function]}
            role="button"
            style={
              Object {
                "color": "grey",
                "cursor": "pointer",
                "fontSize": "0.5rem",
                "margin": "1rem",
              }
            }
            tabIndex="0"
          >
            <span>
              <svg
                attr={
                  Object {
                    "viewBox": "0 0 320 512",
                  }
                }
                fill="currentColor"
                height={15}
                size={15}
                stroke="currentColor"
                strokeWidth="0"
                style={
                  Object {
                    "color": undefined,
                  }
                }
                viewBox="0 0 320 512"
                width={15}
              >
                <path
                  d="M288.662 352H31.338c-17.818 0-26.741-21.543-14.142-34.142l128.662-128.662c7.81-7.81 20.474-7.81 28.284 0l128.662 128.662c12.6 12.599 3.676 34.142-14.142 34.142z"
                />
              </svg>
              <svg
                attr={
                  Object {
                    "viewBox": "0 0 320 512",
                  }
                }
                fill="currentColor"
                height={15}
                size={15}
                stroke="currentColor"
                strokeWidth="0"
                style={
                  Object {
                    "color": undefined,
                  }
                }
                viewBox="0 0 320 512"
                width={15}
              >
                <path
                  d="M31.3 192h257.3c17.8 0 26.7 21.5 14.1 34.1L174.1 354.8c-7.8 7.8-20.5 7.8-28.3 0L17.2 226.1C4.6 213.5 13.5 192 31.3 192z"
                />
              </svg>
            </span>
          </span>
          <input
            className="col-search"
            onChange={[Function]}
            placeholder="Search column test"
            type="text"
            value=""
          />
        </td>
        <td
          className="th"
        >
          Handle
          <input
            className="col-search"
            onChange={[Function]}
            placeholder="Search column test"
            type="text"
            value=""
          />
        </td>
      </tr>
    </thead>
    <tbody>
      <tr
        className="1,Mark,Otto,@mdo-body-row"
        onClick={[Function]}
      >
        <td
          className="td"
          onClick={[Function]}
        >
          1
        </td>
        <td
          className="td"
          onClick={[Function]}
        >
          Mark
        </td>
        <td
          className="td"
          onClick={[Function]}
        >
          Otto
        </td>
        <td
          className="td"
          onClick={[Function]}
        >
          @mdo
        </td>
      </tr>
    </tbody>
  </table>
</div>
`;

exports[`TableProvider | sortByKey 1`] = `
<div>
  <button
    className="button"
    onClick={[Function]}
    value="Export CSV test"
  >
    Export CSV test
  </button>
  <input
    className="table-search"
    onChange={[Function]}
    placeholder="Search table test"
    type="text"
    value=""
  />
  <table
    className="table"
  >
    <thead>
      <tr
        className="trHead"
      >
        <td
          className="th"
        >
          #
          <span
            onClick={[Function]}
            onKeyDown={[Function]}
            role="button"
            style={
              Object {
                "color": "black",
                "cursor": "pointer",
                "fontSize": "0.7rem",
                "margin": "1rem",
              }
            }
            tabIndex="0"
          >
            <svg
              attr={
                Object {
                  "viewBox": "0 0 320 512",
                }
              }
              fill="currentColor"
              height={20}
              size={20}
              stroke="currentColor"
              strokeWidth="0"
              style={
                Object {
                  "color": undefined,
                }
              }
              viewBox="0 0 320 512"
              width={20}
            >
              <path
                d="M31.3 192h257.3c17.8 0 26.7 21.5 14.1 34.1L174.1 354.8c-7.8 7.8-20.5 7.8-28.3 0L17.2 226.1C4.6 213.5 13.5 192 31.3 192z"
              />
            </svg>
          </span>
          <input
            className="col-search"
            onChange={[Function]}
            placeholder="Search column test"
            type="text"
            value=""
          />
        </td>
        <td
          className="th"
        >
          First
          <span
            onClick={[Function]}
            onKeyDown={[Function]}
            role="button"
            style={
              Object {
                "color": "grey",
                "cursor": "pointer",
                "fontSize": "0.5rem",
                "margin": "1rem",
              }
            }
            tabIndex="0"
          >
            <span>
              <svg
                attr={
                  Object {
                    "viewBox": "0 0 320 512",
                  }
                }
                fill="currentColor"
                height={15}
                size={15}
                stroke="currentColor"
                strokeWidth="0"
                style={
                  Object {
                    "color": undefined,
                  }
                }
                viewBox="0 0 320 512"
                width={15}
              >
                <path
                  d="M288.662 352H31.338c-17.818 0-26.741-21.543-14.142-34.142l128.662-128.662c7.81-7.81 20.474-7.81 28.284 0l128.662 128.662c12.6 12.599 3.676 34.142-14.142 34.142z"
                />
              </svg>
              <svg
                attr={
                  Object {
                    "viewBox": "0 0 320 512",
                  }
                }
                fill="currentColor"
                height={15}
                size={15}
                stroke="currentColor"
                strokeWidth="0"
                style={
                  Object {
                    "color": undefined,
                  }
                }
                viewBox="0 0 320 512"
                width={15}
              >
                <path
                  d="M31.3 192h257.3c17.8 0 26.7 21.5 14.1 34.1L174.1 354.8c-7.8 7.8-20.5 7.8-28.3 0L17.2 226.1C4.6 213.5 13.5 192 31.3 192z"
                />
              </svg>
            </span>
          </span>
          <input
            className="col-search"
            onChange={[Function]}
            placeholder="Search column test"
            type="text"
            value=""
          />
        </td>
        <td
          className="th"
        >
          Last
          <span
            onClick={[Function]}
            onKeyDown={[Function]}
            role="button"
            style={
              Object {
                "color": "grey",
                "cursor": "pointer",
                "fontSize": "0.5rem",
                "margin": "1rem",
              }
            }
            tabIndex="0"
          >
            <span>
              <svg
                attr={
                  Object {
                    "viewBox": "0 0 320 512",
                  }
                }
                fill="currentColor"
                height={15}
                size={15}
                stroke="currentColor"
                strokeWidth="0"
                style={
                  Object {
                    "color": undefined,
                  }
                }
                viewBox="0 0 320 512"
                width={15}
              >
                <path
                  d="M288.662 352H31.338c-17.818 0-26.741-21.543-14.142-34.142l128.662-128.662c7.81-7.81 20.474-7.81 28.284 0l128.662 128.662c12.6 12.599 3.676 34.142-14.142 34.142z"
                />
              </svg>
              <svg
                attr={
                  Object {
                    "viewBox": "0 0 320 512",
                  }
                }
                fill="currentColor"
                height={15}
                size={15}
                stroke="currentColor"
                strokeWidth="0"
                style={
                  Object {
                    "color": undefined,
                  }
                }
                viewBox="0 0 320 512"
                width={15}
              >
                <path
                  d="M31.3 192h257.3c17.8 0 26.7 21.5 14.1 34.1L174.1 354.8c-7.8 7.8-20.5 7.8-28.3 0L17.2 226.1C4.6 213.5 13.5 192 31.3 192z"
                />
              </svg>
            </span>
          </span>
          <input
            className="col-search"
            onChange={[Function]}
            placeholder="Search column test"
            type="text"
            value=""
          />
        </td>
        <td
          className="th"
        >
          Handle
          <input
            className="col-search"
            onChange={[Function]}
            placeholder="Search column test"
            type="text"
            value=""
          />
        </td>
      </tr>
    </thead>
    <tbody>
      <tr
        className="3,Larry,the Bird,@twitter-body-row"
        onClick={[Function]}
      >
        <td
          className="td"
          onClick={[Function]}
        >
          3
        </td>
        <td
          className="td"
          onClick={[Function]}
        >
          Larry
        </td>
        <td
          className="td"
          onClick={[Function]}
        >
          the Bird
        </td>
        <td
          className="td"
          onClick={[Function]}
        >
          @twitter
        </td>
      </tr>
      <tr
        className="2,Jacob,Thornton,@fat-body-row"
        onClick={[Function]}
      >
        <td
          className="td"
          onClick={[Function]}
        >
          2
        </td>
        <td
          className="td"
          onClick={[Function]}
        >
          Jacob
        </td>
        <td
          className="td"
          onClick={[Function]}
        >
          Thornton
        </td>
        <td
          className="td"
          onClick={[Function]}
        >
          @fat
        </td>
      </tr>
      <tr
        className="1,Mark,Otto,@mdo-body-row"
        onClick={[Function]}
      >
        <td
          className="td"
          onClick={[Function]}
        >
          1
        </td>
        <td
          className="td"
          onClick={[Function]}
        >
          Mark
        </td>
        <td
          className="td"
          onClick={[Function]}
        >
          Otto
        </td>
        <td
          className="td"
          onClick={[Function]}
        >
          @mdo
        </td>
      </tr>
    </tbody>
  </table>
</div>
`;

exports[`TableProvider | sortByKey 2`] = `
<div>
  <button
    className="button"
    onClick={[Function]}
    value="Export CSV test"
  >
    Export CSV test
  </button>
  <input
    className="table-search"
    onChange={[Function]}
    placeholder="Search table test"
    type="text"
    value=""
  />
  <table
    className="table"
  >
    <thead>
      <tr
        className="trHead"
      >
        <td
          className="th"
        >
          #
          <span
            onClick={[Function]}
            onKeyDown={[Function]}
            role="button"
            style={
              Object {
                "color": "black",
                "cursor": "pointer",
                "fontSize": "0.7rem",
                "margin": "1rem",
              }
            }
            tabIndex="0"
          >
            <svg
              attr={
                Object {
                  "viewBox": "0 0 320 512",
                }
              }
              fill="currentColor"
              height={20}
              size={20}
              stroke="currentColor"
              strokeWidth="0"
              style={
                Object {
                  "color": undefined,
                }
              }
              viewBox="0 0 320 512"
              width={20}
            >
              <path
                d="M288.662 352H31.338c-17.818 0-26.741-21.543-14.142-34.142l128.662-128.662c7.81-7.81 20.474-7.81 28.284 0l128.662 128.662c12.6 12.599 3.676 34.142-14.142 34.142z"
              />
            </svg>
          </span>
          <input
            className="col-search"
            onChange={[Function]}
            placeholder="Search column test"
            type="text"
            value=""
          />
        </td>
        <td
          className="th"
        >
          First
          <span
            onClick={[Function]}
            onKeyDown={[Function]}
            role="button"
            style={
              Object {
                "color": "grey",
                "cursor": "pointer",
                "fontSize": "0.5rem",
                "margin": "1rem",
              }
            }
            tabIndex="0"
          >
            <span>
              <svg
                attr={
                  Object {
                    "viewBox": "0 0 320 512",
                  }
                }
                fill="currentColor"
                height={15}
                size={15}
                stroke="currentColor"
                strokeWidth="0"
                style={
                  Object {
                    "color": undefined,
                  }
                }
                viewBox="0 0 320 512"
                width={15}
              >
                <path
                  d="M288.662 352H31.338c-17.818 0-26.741-21.543-14.142-34.142l128.662-128.662c7.81-7.81 20.474-7.81 28.284 0l128.662 128.662c12.6 12.599 3.676 34.142-14.142 34.142z"
                />
              </svg>
              <svg
                attr={
                  Object {
                    "viewBox": "0 0 320 512",
                  }
                }
                fill="currentColor"
                height={15}
                size={15}
                stroke="currentColor"
                strokeWidth="0"
                style={
                  Object {
                    "color": undefined,
                  }
                }
                viewBox="0 0 320 512"
                width={15}
              >
                <path
                  d="M31.3 192h257.3c17.8 0 26.7 21.5 14.1 34.1L174.1 354.8c-7.8 7.8-20.5 7.8-28.3 0L17.2 226.1C4.6 213.5 13.5 192 31.3 192z"
                />
              </svg>
            </span>
          </span>
          <input
            className="col-search"
            onChange={[Function]}
            placeholder="Search column test"
            type="text"
            value=""
          />
        </td>
        <td
          className="th"
        >
          Last
          <span
            onClick={[Function]}
            onKeyDown={[Function]}
            role="button"
            style={
              Object {
                "color": "grey",
                "cursor": "pointer",
                "fontSize": "0.5rem",
                "margin": "1rem",
              }
            }
            tabIndex="0"
          >
            <span>
              <svg
                attr={
                  Object {
                    "viewBox": "0 0 320 512",
                  }
                }
                fill="currentColor"
                height={15}
                size={15}
                stroke="currentColor"
                strokeWidth="0"
                style={
                  Object {
                    "color": undefined,
                  }
                }
                viewBox="0 0 320 512"
                width={15}
              >
                <path
                  d="M288.662 352H31.338c-17.818 0-26.741-21.543-14.142-34.142l128.662-128.662c7.81-7.81 20.474-7.81 28.284 0l128.662 128.662c12.6 12.599 3.676 34.142-14.142 34.142z"
                />
              </svg>
              <svg
                attr={
                  Object {
                    "viewBox": "0 0 320 512",
                  }
                }
                fill="currentColor"
                height={15}
                size={15}
                stroke="currentColor"
                strokeWidth="0"
                style={
                  Object {
                    "color": undefined,
                  }
                }
                viewBox="0 0 320 512"
                width={15}
              >
                <path
                  d="M31.3 192h257.3c17.8 0 26.7 21.5 14.1 34.1L174.1 354.8c-7.8 7.8-20.5 7.8-28.3 0L17.2 226.1C4.6 213.5 13.5 192 31.3 192z"
                />
              </svg>
            </span>
          </span>
          <input
            className="col-search"
            onChange={[Function]}
            placeholder="Search column test"
            type="text"
            value=""
          />
        </td>
        <td
          className="th"
        >
          Handle
          <input
            className="col-search"
            onChange={[Function]}
            placeholder="Search column test"
            type="text"
            value=""
          />
        </td>
      </tr>
    </thead>
    <tbody>
      <tr
        className="1,Mark,Otto,@mdo-body-row"
        onClick={[Function]}
      >
        <td
          className="td"
          onClick={[Function]}
        >
          1
        </td>
        <td
          className="td"
          onClick={[Function]}
        >
          Mark
        </td>
        <td
          className="td"
          onClick={[Function]}
        >
          Otto
        </td>
        <td
          className="td"
          onClick={[Function]}
        >
          @mdo
        </td>
      </tr>
      <tr
        className="2,Jacob,Thornton,@fat-body-row"
        onClick={[Function]}
      >
        <td
          className="td"
          onClick={[Function]}
        >
          2
        </td>
        <td
          className="td"
          onClick={[Function]}
        >
          Jacob
        </td>
        <td
          className="td"
          onClick={[Function]}
        >
          Thornton
        </td>
        <td
          className="td"
          onClick={[Function]}
        >
          @fat
        </td>
      </tr>
      <tr
        className="3,Larry,the Bird,@twitter-body-row"
        onClick={[Function]}
      >
        <td
          className="td"
          onClick={[Function]}
        >
          3
        </td>
        <td
          className="td"
          onClick={[Function]}
        >
          Larry
        </td>
        <td
          className="td"
          onClick={[Function]}
        >
          the Bird
        </td>
        <td
          className="td"
          onClick={[Function]}
        >
          @twitter
        </td>
      </tr>
    </tbody>
  </table>
</div>
`;
